
> metraly@1.0.0 dev
> vite --host 0.0.0.0 --port 3000

10:04:20 PM [vite] (client) Re-optimizing dependencies because lockfile has changed

  VITE v8.0.10  ready in 180 ms

  ➜  Local:   http://localhost:3000/
  ➜  Network: http://192.168.0.16:3000/
  ➜  Network: http://10.9.9.8:3000/
  ➜  Network: http://172.19.0.1:3000/
10:16:59 PM [vite] (client) hmr update /src/features/ai-workspace/AIScreen.tsx
10:17:13 PM [vite] (client) page reload src/index.tsx
10:17:16 PM [vite] (client) hmr update /src/features/metricsExplorer/components/BreakdownTable.tsx
10:17:16 PM [vite] (client) hmr update /src/features/onboarding/WizardScreen.tsx
10:17:22 PM [vite] (client) hmr update /src/App.tsx, /src/features/metricsExplorer/MetricsScreen.tsx, /src/features/metricsExplorer/components/DORAPanel.tsx, /src/features/metricsExplorer/components/BreakdownTable.tsx, /src/components/dashboard/widgetRegistry.tsx
10:17:22 PM [vite] (client) hmr invalidate /src/components/dashboard/widgetRegistry.tsx Could not Fast Refresh ("widgetRegistry" export is incompatible). Learn more at https://github.com/vitejs/vite-plugin-react/tree/main/packages/plugin-react#consistent-components-exports
10:17:22 PM [vite] (client) hmr update /src/components/dashboard/DashboardRenderer.tsx, /src/components/dashboard/DraggableDashboardRenderer.tsx, /src/features/dashboardWizard/components/WidgetPreviewCard.tsx
10:17:40 PM [vite] (client) hmr update /src/App.tsx, /src/features/metricsExplorer/MetricsScreen.tsx, /src/features/metricsExplorer/components/DORAPanel.tsx, /src/features/metricsExplorer/components/BreakdownTable.tsx, /src/components/dashboard/widgetRegistry.tsx
10:17:40 PM [vite] (client) hmr invalidate /src/components/dashboard/widgetRegistry.tsx Could not Fast Refresh ("widgetRegistry" export is incompatible). Learn more at https://github.com/vitejs/vite-plugin-react/tree/main/packages/plugin-react#consistent-components-exports
10:17:40 PM [vite] (client) page reload src/components/dashboard/widgetRegistry.tsx (circular import invalidate)
10:18:48 PM [vite] (client) hmr update /src/App.tsx, /src/features/metricsExplorer/MetricsScreen.tsx, /src/features/metricsExplorer/components/DORAPanel.tsx, /src/features/metricsExplorer/components/BreakdownTable.tsx, /src/components/dashboard/widgetRegistry.tsx
10:18:48 PM [vite] (client) hmr invalidate /src/components/dashboard/widgetRegistry.tsx Could not Fast Refresh ("widgetRegistry" export is incompatible). Learn more at https://github.com/vitejs/vite-plugin-react/tree/main/packages/plugin-react#consistent-components-exports
10:18:48 PM [vite] (client) page reload src/components/dashboard/widgetRegistry.tsx (circular import invalidate)
10:19:22 PM [vite] (client) hmr update /src/App.tsx, /src/features/metricsExplorer/MetricsScreen.tsx, /src/features/metricsExplorer/components/DORAPanel.tsx, /src/features/metricsExplorer/components/BreakdownTable.tsx, /src/components/dashboard/widgetRegistry.tsx
10:19:22 PM [vite] (client) hmr invalidate /src/components/dashboard/widgetRegistry.tsx Could not Fast Refresh ("widgetRegistry" export is incompatible). Learn more at https://github.com/vitejs/vite-plugin-react/tree/main/packages/plugin-react#consistent-components-exports
10:19:22 PM [vite] (client) page reload src/components/dashboard/widgetRegistry.tsx (circular import invalidate)
10:19:32 PM [vite] (client) hmr update /src/App.tsx, /src/features/metricsExplorer/MetricsScreen.tsx, /src/features/metricsExplorer/components/DORAPanel.tsx, /src/features/metricsExplorer/components/BreakdownTable.tsx, /src/components/dashboard/widgetRegistry.tsx
10:19:32 PM [vite] (client) hmr invalidate /src/components/dashboard/widgetRegistry.tsx Could not Fast Refresh ("widgetRegistry" export is incompatible). Learn more at https://github.com/vitejs/vite-plugin-react/tree/main/packages/plugin-react#consistent-components-exports
10:19:32 PM [vite] (client) page reload src/components/dashboard/widgetRegistry.tsx (circular import invalidate)
10:19:54 PM [vite] (client) hmr update /src/App.tsx, /src/features/metricsExplorer/MetricsScreen.tsx, /src/features/metricsExplorer/components/DORAPanel.tsx, /src/features/metricsExplorer/components/BreakdownTable.tsx, /src/components/dashboard/widgetRegistry.tsx
10:19:54 PM [vite] (client) hmr invalidate /src/components/dashboard/widgetRegistry.tsx Could not Fast Refresh ("widgetRegistry" export is incompatible). Learn more at https://github.com/vitejs/vite-plugin-react/tree/main/packages/plugin-react#consistent-components-exports
10:19:54 PM [vite] (client) page reload src/components/dashboard/widgetRegistry.tsx (circular import invalidate)
10:29:13 PM [vite] (client) hmr update /src/App.tsx
10:29:15 PM [vite] (client) hmr update /src/index.css
10:34:26 PM [vite] (client) hmr update /src/features/dashboard/DashboardScreen.tsx
10:38:42 PM [vite] (client) hmr update /src/App.tsx, /src/features/metricsExplorer/MetricsScreen.tsx, /src/features/metricsExplorer/components/DORAPanel.tsx, /src/features/metricsExplorer/components/BreakdownTable.tsx, /src/components/dashboard/widgetRegistry.tsx
10:38:53 PM [vite] (client) page reload src/index.tsx
10:39:18 PM [vite] (client) hmr update /src/App.tsx, /src/features/metricsExplorer/MetricsScreen.tsx, /src/features/metricsExplorer/components/DORAPanel.tsx, /src/features/metricsExplorer/components/BreakdownTable.tsx, /src/components/dashboard/widgetRegistry.tsx
10:47:08 PM [vite] (client) hmr update /src/App.tsx
10:48:08 PM [vite] (client) hmr update /src/components/dashboard/DashboardRenderer.tsx
10:48:08 PM [vite] (client) hmr update /src/components/layout/Topbar.tsx
10:48:08 PM [vite] (client) hmr update /src/components/layout/Sidebar.tsx
10:50:55 PM [vite] (client) hmr update /src/features/onboarding/WizardScreen.tsx
10:51:23 PM [vite] (client) hmr update /src/features/ai-workspace/AIScreen.tsx
10:52:15 PM [vite] (client) hmr update /src/features/plugins/PluginScreen.tsx
10:52:37 PM [vite] (client) hmr update /src/features/plugins/PluginScreen.tsx
10:53:02 PM [vite] (client) hmr update /src/App.tsx, /src/features/metricsExplorer/MetricsScreen.tsx, /src/features/metricsExplorer/components/DORAPanel.tsx, /src/features/metricsExplorer/components/BreakdownTable.tsx, /src/components/dashboard/widgetRegistry.tsx
10:53:10 PM [vite] (client) hmr update /src/App.tsx, /src/features/metricsExplorer/MetricsScreen.tsx, /src/features/metricsExplorer/components/DORAPanel.tsx, /src/features/metricsExplorer/components/BreakdownTable.tsx, /src/components/dashboard/widgetRegistry.tsx
10:53:35 PM [vite] (client) hmr update /src/App.tsx, /src/features/metricsExplorer/MetricsScreen.tsx, /src/features/metricsExplorer/components/DORAPanel.tsx, /src/features/metricsExplorer/components/BreakdownTable.tsx, /src/components/dashboard/widgetRegistry.tsx
10:53:43 PM [vite] (client) hmr update /src/features/onboarding/WizardScreen.tsx
10:53:48 PM [vite] (client) hmr update /src/features/plugins/PluginScreen.tsx
10:55:18 PM [vite] (client) hmr update /src/features/onboarding/WizardScreen.tsx
